// Jest Snapshot v1, https://goo.gl/fbAQLP

exports[`SnapshotTest 1`] = `
{
  "Outputs": {
    "AuthUserPoolClientId8216BF9A": {
      "Value": {
        "Ref": "AuthUserPoolClientC635291F",
      },
    },
    "AuthUserPoolIdC0605E59": {
      "Value": {
        "Ref": "AuthUserPool8115E87F",
      },
    },
    "BackendApiBackendApiUrl4A0A7879": {
      "Value": {
        "Fn::GetAtt": [
          "BackendApiED3D8698",
          "ApiEndpoint",
        ],
      },
    },
    "FrontendURL": {
      "Value": {
        "Fn::Join": [
          "",
          [
            "https://",
            {
              "Fn::GetAtt": [
                "FrontendDistributionCFDistributionAE9BA647",
                "DomainName",
              ],
            },
          ],
        ],
      },
    },
  },
  "Parameters": {
    "BootstrapVersion": {
      "Default": "/cdk-bootstrap/hnb659fds/version",
      "Description": "Version of the CDK Bootstrap resources in this environment, automatically retrieved from SSM Parameter Store. [cdk:skip]",
      "Type": "AWS::SSM::Parameter::Value<String>",
    },
  },
  "Resources": {
    "AccessLogBucketAutoDeleteObjectsCustomResource01AB31E8": {
      "DeletionPolicy": "Delete",
      "DependsOn": [
        "AccessLogBucketPolicyF52D2D01",
      ],
      "Properties": {
        "BucketName": {
          "Ref": "AccessLogBucketDA470295",
        },
        "ServiceToken": {
          "Fn::GetAtt": [
            "CustomS3AutoDeleteObjectsCustomResourceProviderHandler9D90184F",
            "Arn",
          ],
        },
      },
      "Type": "Custom::S3AutoDeleteObjects",
      "UpdateReplacePolicy": "Delete",
    },
    "AccessLogBucketDA470295": {
      "DeletionPolicy": "Delete",
      "Properties": {
        "BucketEncryption": {
          "ServerSideEncryptionConfiguration": [
            {
              "ServerSideEncryptionByDefault": {
                "SSEAlgorithm": "AES256",
              },
            },
          ],
        },
        "OwnershipControls": {
          "Rules": [
            {
              "ObjectOwnership": "ObjectWriter",
            },
          ],
        },
        "PublicAccessBlockConfiguration": {
          "BlockPublicAcls": true,
          "BlockPublicPolicy": true,
          "IgnorePublicAcls": true,
          "RestrictPublicBuckets": true,
        },
        "Tags": [
          {
            "Key": "aws-cdk:auto-delete-objects",
            "Value": "true",
          },
        ],
      },
      "Type": "AWS::S3::Bucket",
      "UpdateReplacePolicy": "Delete",
    },
    "AccessLogBucketPolicyF52D2D01": {
      "Properties": {
        "Bucket": {
          "Ref": "AccessLogBucketDA470295",
        },
        "PolicyDocument": {
          "Statement": [
            {
              "Action": "s3:*",
              "Condition": {
                "Bool": {
                  "aws:SecureTransport": "false",
                },
              },
              "Effect": "Deny",
              "Principal": {
                "AWS": "*",
              },
              "Resource": [
                {
                  "Fn::GetAtt": [
                    "AccessLogBucketDA470295",
                    "Arn",
                  ],
                },
                {
                  "Fn::Join": [
                    "",
                    [
                      {
                        "Fn::GetAtt": [
                          "AccessLogBucketDA470295",
                          "Arn",
                        ],
                      },
                      "/*",
                    ],
                  ],
                },
              ],
            },
            {
              "Action": [
                "s3:GetBucket*",
                "s3:List*",
                "s3:DeleteObject*",
              ],
              "Effect": "Allow",
              "Principal": {
                "AWS": {
                  "Fn::GetAtt": [
                    "CustomS3AutoDeleteObjectsCustomResourceProviderRole3B1BD092",
                    "Arn",
                  ],
                },
              },
              "Resource": [
                {
                  "Fn::GetAtt": [
                    "AccessLogBucketDA470295",
                    "Arn",
                  ],
                },
                {
                  "Fn::Join": [
                    "",
                    [
                      {
                        "Fn::GetAtt": [
                          "AccessLogBucketDA470295",
                          "Arn",
                        ],
                      },
                      "/*",
                    ],
                  ],
                },
              ],
            },
          ],
          "Version": "2012-10-17",
        },
      },
      "Type": "AWS::S3::BucketPolicy",
    },
    "AuthUserPool8115E87F": {
      "DeletionPolicy": "Retain",
      "Properties": {
        "AccountRecoverySetting": {
          "RecoveryMechanisms": [
            {
              "Name": "verified_phone_number",
              "Priority": 1,
            },
            {
              "Name": "verified_email",
              "Priority": 2,
            },
          ],
        },
        "AdminCreateUserConfig": {
          "AllowAdminCreateUserOnly": false,
        },
        "AutoVerifiedAttributes": [
          "email",
        ],
        "EmailVerificationMessage": "The verification code to your new account is {####}",
        "EmailVerificationSubject": "Verify your new account",
        "Policies": {
          "PasswordPolicy": {
            "MinimumLength": 8,
            "RequireNumbers": true,
            "RequireSymbols": true,
            "RequireUppercase": true,
          },
        },
        "SmsVerificationMessage": "The verification code to your new account is {####}",
        "UsernameAttributes": [
          "email",
        ],
        "VerificationMessageTemplate": {
          "DefaultEmailOption": "CONFIRM_WITH_CODE",
          "EmailMessage": "The verification code to your new account is {####}",
          "EmailSubject": "Verify your new account",
          "SmsMessage": "The verification code to your new account is {####}",
        },
      },
      "Type": "AWS::Cognito::UserPool",
      "UpdateReplacePolicy": "Retain",
    },
    "AuthUserPoolClientC635291F": {
      "Properties": {
        "AllowedOAuthFlows": [
          "implicit",
          "code",
        ],
        "AllowedOAuthFlowsUserPoolClient": true,
        "AllowedOAuthScopes": [
          "profile",
          "phone",
          "email",
          "openid",
          "aws.cognito.signin.user.admin",
        ],
        "CallbackURLs": [
          "https://example.com",
        ],
        "ExplicitAuthFlows": [
          "ALLOW_USER_PASSWORD_AUTH",
          "ALLOW_USER_SRP_AUTH",
          "ALLOW_REFRESH_TOKEN_AUTH",
        ],
        "IdTokenValidity": 1440,
        "SupportedIdentityProviders": [
          "COGNITO",
        ],
        "TokenValidityUnits": {
          "IdToken": "minutes",
        },
        "UserPoolId": {
          "Ref": "AuthUserPool8115E87F",
        },
      },
      "Type": "AWS::Cognito::UserPoolClient",
    },
    "BackendApiAuthorizerD604C09E": {
      "Properties": {
        "ApiId": {
          "Ref": "BackendApiED3D8698",
        },
        "AuthorizerType": "JWT",
        "IdentitySource": [
          "$request.header.Authorization",
        ],
        "JwtConfiguration": {
          "Audience": [
            {
              "Ref": "AuthUserPoolClientC635291F",
            },
          ],
          "Issuer": {
            "Fn::Join": [
              "",
              [
                "https://cognito-idp.",
                {
                  "Ref": "AWS::Region",
                },
                ".amazonaws.com/",
                {
                  "Ref": "AuthUserPool8115E87F",
                },
              ],
            ],
          },
        },
        "Name": "Authorizer",
      },
      "Type": "AWS::ApiGatewayV2::Authorizer",
    },
    "BackendApiBedrockPolicy1429D156": {
      "Properties": {
        "PolicyDocument": {
          "Statement": [
            {
              "Action": "bedrock:*",
              "Effect": "Allow",
              "Resource": "*",
            },
          ],
          "Version": "2012-10-17",
        },
        "PolicyName": "BackendApiBedrockPolicy1429D156",
        "Roles": [
          {
            "Ref": "BackendApiHandlerServiceRoleD7E0A5D4",
          },
        ],
      },
      "Type": "AWS::IAM::Policy",
    },
    "BackendApiDELETEproxy5E114AEA": {
      "Properties": {
        "ApiId": {
          "Ref": "BackendApiED3D8698",
        },
        "AuthorizationType": "JWT",
        "AuthorizerId": {
          "Ref": "BackendApiAuthorizerD604C09E",
        },
        "RouteKey": "DELETE /{proxy+}",
        "Target": {
          "Fn::Join": [
            "",
            [
              "integrations/",
              {
                "Ref": "BackendApiGETproxyIntegration291A9206",
              },
            ],
          ],
        },
      },
      "Type": "AWS::ApiGatewayV2::Route",
    },
    "BackendApiDELETEproxyIntegrationPermission8A59D167": {
      "Properties": {
        "Action": "lambda:InvokeFunction",
        "FunctionName": {
          "Fn::GetAtt": [
            "BackendApiHandlerF69AE07A",
            "Arn",
          ],
        },
        "Principal": "apigateway.amazonaws.com",
        "SourceArn": {
          "Fn::Join": [
            "",
            [
              "arn:",
              {
                "Ref": "AWS::Partition",
              },
              ":execute-api:",
              {
                "Ref": "AWS::Region",
              },
              ":",
              {
                "Ref": "AWS::AccountId",
              },
              ":",
              {
                "Ref": "BackendApiED3D8698",
              },
              "/*/*/{proxy+}",
            ],
          ],
        },
      },
      "Type": "AWS::Lambda::Permission",
    },
    "BackendApiDefaultStage395BF519": {
      "Properties": {
        "ApiId": {
          "Ref": "BackendApiED3D8698",
        },
        "AutoDeploy": true,
        "StageName": "$default",
      },
      "Type": "AWS::ApiGatewayV2::Stage",
    },
    "BackendApiED3D8698": {
      "Properties": {
        "CorsConfiguration": {
          "AllowHeaders": [
            "*",
          ],
          "AllowMethods": [
            "GET",
            "HEAD",
            "OPTIONS",
            "POST",
            "PUT",
            "PATCH",
            "DELETE",
          ],
          "AllowOrigins": [
            "*",
          ],
          "MaxAge": 864000,
        },
        "Name": "Default",
        "ProtocolType": "HTTP",
      },
      "Type": "AWS::ApiGatewayV2::Api",
    },
    "BackendApiGETproxyFCC836F3": {
      "Properties": {
        "ApiId": {
          "Ref": "BackendApiED3D8698",
        },
        "AuthorizationType": "JWT",
        "AuthorizerId": {
          "Ref": "BackendApiAuthorizerD604C09E",
        },
        "RouteKey": "GET /{proxy+}",
        "Target": {
          "Fn::Join": [
            "",
            [
              "integrations/",
              {
                "Ref": "BackendApiGETproxyIntegration291A9206",
              },
            ],
          ],
        },
      },
      "Type": "AWS::ApiGatewayV2::Route",
    },
    "BackendApiGETproxyIntegration291A9206": {
      "Properties": {
        "ApiId": {
          "Ref": "BackendApiED3D8698",
        },
        "IntegrationType": "AWS_PROXY",
        "IntegrationUri": {
          "Fn::GetAtt": [
            "BackendApiHandlerF69AE07A",
            "Arn",
          ],
        },
        "PayloadFormatVersion": "2.0",
      },
      "Type": "AWS::ApiGatewayV2::Integration",
    },
    "BackendApiGETproxyIntegrationPermissionA99552CF": {
      "Properties": {
        "Action": "lambda:InvokeFunction",
        "FunctionName": {
          "Fn::GetAtt": [
            "BackendApiHandlerF69AE07A",
            "Arn",
          ],
        },
        "Principal": "apigateway.amazonaws.com",
        "SourceArn": {
          "Fn::Join": [
            "",
            [
              "arn:",
              {
                "Ref": "AWS::Partition",
              },
              ":execute-api:",
              {
                "Ref": "AWS::Region",
              },
              ":",
              {
                "Ref": "AWS::AccountId",
              },
              ":",
              {
                "Ref": "BackendApiED3D8698",
              },
              "/*/*/{proxy+}",
            ],
          ],
        },
      },
      "Type": "AWS::Lambda::Permission",
    },
    "BackendApiHandlerF69AE07A": {
      "DependsOn": [
        "BackendApiHandlerServiceRoleDefaultPolicyED65AEB4",
        "BackendApiHandlerServiceRoleD7E0A5D4",
      ],
      "Properties": {
        "Code": {
          "ImageUri": {
            "Fn::Sub": "\${AWS::AccountId}.dkr.ecr.\${AWS::Region}.\${AWS::URLSuffix}/cdk-hnb659fds-container-assets-\${AWS::AccountId}-\${AWS::Region}:7adeb9fdc9a7c5361971acfd3459357a1b3133b8bdf11c948f095ac02eb610ac",
          },
        },
        "Environment": {
          "Variables": {
            "BEDROCK_REGION": "us-east-1",
            "CLIENT_ID": {
              "Ref": "AuthUserPoolClientC635291F",
            },
            "CORS_ALLOW_ORIGINS": "*",
            "ENDPOINT_URL": "https://bedrock.us-east-1.amazonaws.com",
            "REGION": {
              "Ref": "AWS::Region",
            },
            "TABLE_NAME": {
              "Ref": "DatabaseConversationTable03F3FD7A",
            },
            "USER_POOL_ID": {
              "Ref": "AuthUserPool8115E87F",
            },
          },
        },
        "MemorySize": 256,
        "PackageType": "Image",
        "Role": {
          "Fn::GetAtt": [
            "BackendApiHandlerServiceRoleD7E0A5D4",
            "Arn",
          ],
        },
        "Timeout": 30,
      },
      "Type": "AWS::Lambda::Function",
    },
    "BackendApiHandlerServiceRoleD7E0A5D4": {
      "Properties": {
        "AssumeRolePolicyDocument": {
          "Statement": [
            {
              "Action": "sts:AssumeRole",
              "Effect": "Allow",
              "Principal": {
                "Service": "lambda.amazonaws.com",
              },
            },
          ],
          "Version": "2012-10-17",
        },
        "ManagedPolicyArns": [
          {
            "Fn::Join": [
              "",
              [
                "arn:",
                {
                  "Ref": "AWS::Partition",
                },
                ":iam::aws:policy/service-role/AWSLambdaBasicExecutionRole",
              ],
            ],
          },
        ],
      },
      "Type": "AWS::IAM::Role",
    },
    "BackendApiHandlerServiceRoleDefaultPolicyED65AEB4": {
      "Properties": {
        "PolicyDocument": {
          "Statement": [
            {
              "Action": [
                "dynamodb:BatchGetItem",
                "dynamodb:GetRecords",
                "dynamodb:GetShardIterator",
                "dynamodb:Query",
                "dynamodb:GetItem",
                "dynamodb:Scan",
                "dynamodb:ConditionCheckItem",
                "dynamodb:BatchWriteItem",
                "dynamodb:PutItem",
                "dynamodb:UpdateItem",
                "dynamodb:DeleteItem",
                "dynamodb:DescribeTable",
              ],
              "Effect": "Allow",
              "Resource": [
                {
                  "Fn::GetAtt": [
                    "DatabaseConversationTable03F3FD7A",
                    "Arn",
                  ],
                },
                {
                  "Fn::Join": [
                    "",
                    [
                      {
                        "Fn::GetAtt": [
                          "DatabaseConversationTable03F3FD7A",
                          "Arn",
                        ],
                      },
                      "/index/*",
                    ],
                  ],
                },
              ],
            },
          ],
          "Version": "2012-10-17",
        },
        "PolicyName": "BackendApiHandlerServiceRoleDefaultPolicyED65AEB4",
        "Roles": [
          {
            "Ref": "BackendApiHandlerServiceRoleD7E0A5D4",
          },
        ],
      },
      "Type": "AWS::IAM::Policy",
    },
    "BackendApiPATCHproxy5B4B4552": {
      "Properties": {
        "ApiId": {
          "Ref": "BackendApiED3D8698",
        },
        "AuthorizationType": "JWT",
        "AuthorizerId": {
          "Ref": "BackendApiAuthorizerD604C09E",
        },
        "RouteKey": "PATCH /{proxy+}",
        "Target": {
          "Fn::Join": [
            "",
            [
              "integrations/",
              {
                "Ref": "BackendApiGETproxyIntegration291A9206",
              },
            ],
          ],
        },
      },
      "Type": "AWS::ApiGatewayV2::Route",
    },
    "BackendApiPATCHproxyIntegrationPermissionE3668C5E": {
      "Properties": {
        "Action": "lambda:InvokeFunction",
        "FunctionName": {
          "Fn::GetAtt": [
            "BackendApiHandlerF69AE07A",
            "Arn",
          ],
        },
        "Principal": "apigateway.amazonaws.com",
        "SourceArn": {
          "Fn::Join": [
            "",
            [
              "arn:",
              {
                "Ref": "AWS::Partition",
              },
              ":execute-api:",
              {
                "Ref": "AWS::Region",
              },
              ":",
              {
                "Ref": "AWS::AccountId",
              },
              ":",
              {
                "Ref": "BackendApiED3D8698",
              },
              "/*/*/{proxy+}",
            ],
          ],
        },
      },
      "Type": "AWS::Lambda::Permission",
    },
    "BackendApiPOSTproxy1D699989": {
      "Properties": {
        "ApiId": {
          "Ref": "BackendApiED3D8698",
        },
        "AuthorizationType": "JWT",
        "AuthorizerId": {
          "Ref": "BackendApiAuthorizerD604C09E",
        },
        "RouteKey": "POST /{proxy+}",
        "Target": {
          "Fn::Join": [
            "",
            [
              "integrations/",
              {
                "Ref": "BackendApiGETproxyIntegration291A9206",
              },
            ],
          ],
        },
      },
      "Type": "AWS::ApiGatewayV2::Route",
    },
    "BackendApiPOSTproxyIntegrationPermissionFA8B3572": {
      "Properties": {
        "Action": "lambda:InvokeFunction",
        "FunctionName": {
          "Fn::GetAtt": [
            "BackendApiHandlerF69AE07A",
            "Arn",
          ],
        },
        "Principal": "apigateway.amazonaws.com",
        "SourceArn": {
          "Fn::Join": [
            "",
            [
              "arn:",
              {
                "Ref": "AWS::Partition",
              },
              ":execute-api:",
              {
                "Ref": "AWS::Region",
              },
              ":",
              {
                "Ref": "AWS::AccountId",
              },
              ":",
              {
                "Ref": "BackendApiED3D8698",
              },
              "/*/*/{proxy+}",
            ],
          ],
        },
      },
      "Type": "AWS::Lambda::Permission",
    },
    "BackendApiPUTproxyDC049326": {
      "Properties": {
        "ApiId": {
          "Ref": "BackendApiED3D8698",
        },
        "AuthorizationType": "JWT",
        "AuthorizerId": {
          "Ref": "BackendApiAuthorizerD604C09E",
        },
        "RouteKey": "PUT /{proxy+}",
        "Target": {
          "Fn::Join": [
            "",
            [
              "integrations/",
              {
                "Ref": "BackendApiGETproxyIntegration291A9206",
              },
            ],
          ],
        },
      },
      "Type": "AWS::ApiGatewayV2::Route",
    },
    "BackendApiPUTproxyIntegrationPermission3DD7AC0F": {
      "Properties": {
        "Action": "lambda:InvokeFunction",
        "FunctionName": {
          "Fn::GetAtt": [
            "BackendApiHandlerF69AE07A",
            "Arn",
          ],
        },
        "Principal": "apigateway.amazonaws.com",
        "SourceArn": {
          "Fn::Join": [
            "",
            [
              "arn:",
              {
                "Ref": "AWS::Partition",
              },
              ":execute-api:",
              {
                "Ref": "AWS::Region",
              },
              ":",
              {
                "Ref": "AWS::AccountId",
              },
              ":",
              {
                "Ref": "BackendApiED3D8698",
              },
              "/*/*/{proxy+}",
            ],
          ],
        },
      },
      "Type": "AWS::Lambda::Permission",
    },
    "CustomCDKBucketDeployment8693BB64968944B69AAFB0CC9EB8756C81C01536": {
      "DependsOn": [
        "CustomCDKBucketDeployment8693BB64968944B69AAFB0CC9EB8756CServiceRoleDefaultPolicy88902FDF",
        "CustomCDKBucketDeployment8693BB64968944B69AAFB0CC9EB8756CServiceRole89A01265",
      ],
      "Properties": {
        "Code": {
          "S3Bucket": {
            "Fn::Sub": "cdk-hnb659fds-assets-\${AWS::AccountId}-\${AWS::Region}",
          },
          "S3Key": "9eb41a5505d37607ac419321497a4f8c21cf0ee1f9b4a6b29aa04301aea5c7fd.zip",
        },
        "Environment": {
          "Variables": {
            "AWS_CA_BUNDLE": "/etc/pki/ca-trust/extracted/pem/tls-ca-bundle.pem",
          },
        },
        "Handler": "index.handler",
        "Layers": [
          {
            "Ref": "FrontendReactBuildDeployAwsCliLayer6AE670F6",
          },
        ],
        "Role": {
          "Fn::GetAtt": [
            "CustomCDKBucketDeployment8693BB64968944B69AAFB0CC9EB8756CServiceRole89A01265",
            "Arn",
          ],
        },
        "Runtime": "python3.9",
        "Timeout": 900,
      },
      "Type": "AWS::Lambda::Function",
    },
    "CustomCDKBucketDeployment8693BB64968944B69AAFB0CC9EB8756CServiceRole89A01265": {
      "Properties": {
        "AssumeRolePolicyDocument": {
          "Statement": [
            {
              "Action": "sts:AssumeRole",
              "Effect": "Allow",
              "Principal": {
                "Service": "lambda.amazonaws.com",
              },
            },
          ],
          "Version": "2012-10-17",
        },
        "ManagedPolicyArns": [
          {
            "Fn::Join": [
              "",
              [
                "arn:",
                {
                  "Ref": "AWS::Partition",
                },
                ":iam::aws:policy/service-role/AWSLambdaBasicExecutionRole",
              ],
            ],
          },
        ],
      },
      "Type": "AWS::IAM::Role",
    },
    "CustomCDKBucketDeployment8693BB64968944B69AAFB0CC9EB8756CServiceRoleDefaultPolicy88902FDF": {
      "Properties": {
        "PolicyDocument": {
          "Statement": [
            {
              "Action": [
                "s3:GetObject*",
                "s3:GetBucket*",
                "s3:List*",
              ],
              "Effect": "Allow",
              "Resource": [
                {
                  "Fn::Join": [
                    "",
                    [
                      "arn:",
                      {
                        "Ref": "AWS::Partition",
                      },
                      ":s3:::",
                      {
                        "Fn::Sub": "cdk-hnb659fds-assets-\${AWS::AccountId}-\${AWS::Region}",
                      },
                    ],
                  ],
                },
                {
                  "Fn::Join": [
                    "",
                    [
                      "arn:",
                      {
                        "Ref": "AWS::Partition",
                      },
                      ":s3:::",
                      {
                        "Fn::Sub": "cdk-hnb659fds-assets-\${AWS::AccountId}-\${AWS::Region}",
                      },
                      "/*",
                    ],
                  ],
                },
              ],
            },
            {
              "Action": [
                "s3:GetObject*",
                "s3:GetBucket*",
                "s3:List*",
                "s3:DeleteObject*",
                "s3:PutObject",
                "s3:PutObjectLegalHold",
                "s3:PutObjectRetention",
                "s3:PutObjectTagging",
                "s3:PutObjectVersionTagging",
                "s3:Abort*",
              ],
              "Effect": "Allow",
              "Resource": [
                {
                  "Fn::GetAtt": [
                    "FrontendAssetBucket3FA96E62",
                    "Arn",
                  ],
                },
                {
                  "Fn::Join": [
                    "",
                    [
                      {
                        "Fn::GetAtt": [
                          "FrontendAssetBucket3FA96E62",
                          "Arn",
                        ],
                      },
                      "/*",
                    ],
                  ],
                },
              ],
            },
            {
              "Action": [
                "cloudfront:GetInvalidation",
                "cloudfront:CreateInvalidation",
              ],
              "Effect": "Allow",
              "Resource": "*",
            },
          ],
          "Version": "2012-10-17",
        },
        "PolicyName": "CustomCDKBucketDeployment8693BB64968944B69AAFB0CC9EB8756CServiceRoleDefaultPolicy88902FDF",
        "Roles": [
          {
            "Ref": "CustomCDKBucketDeployment8693BB64968944B69AAFB0CC9EB8756CServiceRole89A01265",
          },
        ],
      },
      "Type": "AWS::IAM::Policy",
    },
    "CustomS3AutoDeleteObjectsCustomResourceProviderHandler9D90184F": {
      "DependsOn": [
        "CustomS3AutoDeleteObjectsCustomResourceProviderRole3B1BD092",
      ],
      "Properties": {
        "Code": {
          "S3Bucket": {
            "Fn::Sub": "cdk-hnb659fds-assets-\${AWS::AccountId}-\${AWS::Region}",
          },
          "S3Key": "a657308e723bb9460b800cb3b47dadb74e28243edfe246bf7755c45ec312eb97.zip",
        },
        "Description": {
          "Fn::Join": [
            "",
            [
              "Lambda function for auto-deleting objects in ",
              {
                "Ref": "AccessLogBucketDA470295",
              },
              " S3 bucket.",
            ],
          ],
        },
        "Handler": "index.handler",
        "MemorySize": 128,
        "Role": {
          "Fn::GetAtt": [
            "CustomS3AutoDeleteObjectsCustomResourceProviderRole3B1BD092",
            "Arn",
          ],
        },
        "Runtime": "nodejs18.x",
        "Timeout": 900,
      },
      "Type": "AWS::Lambda::Function",
    },
    "CustomS3AutoDeleteObjectsCustomResourceProviderRole3B1BD092": {
      "Properties": {
        "AssumeRolePolicyDocument": {
          "Statement": [
            {
              "Action": "sts:AssumeRole",
              "Effect": "Allow",
              "Principal": {
                "Service": "lambda.amazonaws.com",
              },
            },
          ],
          "Version": "2012-10-17",
        },
        "ManagedPolicyArns": [
          {
            "Fn::Sub": "arn:\${AWS::Partition}:iam::aws:policy/service-role/AWSLambdaBasicExecutionRole",
          },
        ],
      },
      "Type": "AWS::IAM::Role",
    },
    "DatabaseConversationTable03F3FD7A": {
      "DeletionPolicy": "Delete",
      "Properties": {
        "AttributeDefinitions": [
          {
            "AttributeName": "PK",
            "AttributeType": "S",
          },
          {
            "AttributeName": "SK",
            "AttributeType": "S",
          },
        ],
        "BillingMode": "PAY_PER_REQUEST",
        "GlobalSecondaryIndexes": [
          {
            "IndexName": "SKIndex",
            "KeySchema": [
              {
                "AttributeName": "SK",
                "KeyType": "HASH",
              },
            ],
            "Projection": {
              "ProjectionType": "ALL",
            },
          },
        ],
        "KeySchema": [
          {
            "AttributeName": "PK",
            "KeyType": "HASH",
          },
          {
            "AttributeName": "SK",
            "KeyType": "RANGE",
          },
        ],
      },
      "Type": "AWS::DynamoDB::Table",
      "UpdateReplacePolicy": "Delete",
    },
    "FrontendAssetBucket3FA96E62": {
      "DeletionPolicy": "Delete",
      "Properties": {
        "BucketEncryption": {
          "ServerSideEncryptionConfiguration": [
            {
              "ServerSideEncryptionByDefault": {
                "SSEAlgorithm": "AES256",
              },
            },
          ],
        },
        "PublicAccessBlockConfiguration": {
          "BlockPublicAcls": true,
          "BlockPublicPolicy": true,
          "IgnorePublicAcls": true,
          "RestrictPublicBuckets": true,
        },
        "Tags": [
          {
            "Key": "aws-cdk:auto-delete-objects",
            "Value": "true",
          },
          {
            "Key": "aws-cdk:cr-owned:96c96686",
            "Value": "true",
          },
        ],
      },
      "Type": "AWS::S3::Bucket",
      "UpdateReplacePolicy": "Delete",
    },
    "FrontendAssetBucketAutoDeleteObjectsCustomResource8D0834F0": {
      "DeletionPolicy": "Delete",
      "DependsOn": [
        "FrontendAssetBucketPolicyE9D0C32D",
      ],
      "Properties": {
        "BucketName": {
          "Ref": "FrontendAssetBucket3FA96E62",
        },
        "ServiceToken": {
          "Fn::GetAtt": [
            "CustomS3AutoDeleteObjectsCustomResourceProviderHandler9D90184F",
            "Arn",
          ],
        },
      },
      "Type": "Custom::S3AutoDeleteObjects",
      "UpdateReplacePolicy": "Delete",
    },
    "FrontendAssetBucketPolicyE9D0C32D": {
      "Properties": {
        "Bucket": {
          "Ref": "FrontendAssetBucket3FA96E62",
        },
        "PolicyDocument": {
          "Statement": [
            {
              "Action": "s3:*",
              "Condition": {
                "Bool": {
                  "aws:SecureTransport": "false",
                },
              },
              "Effect": "Deny",
              "Principal": {
                "AWS": "*",
              },
              "Resource": [
                {
                  "Fn::GetAtt": [
                    "FrontendAssetBucket3FA96E62",
                    "Arn",
                  ],
                },
                {
                  "Fn::Join": [
                    "",
                    [
                      {
                        "Fn::GetAtt": [
                          "FrontendAssetBucket3FA96E62",
                          "Arn",
                        ],
                      },
                      "/*",
                    ],
                  ],
                },
              ],
            },
            {
              "Action": [
                "s3:GetBucket*",
                "s3:List*",
                "s3:DeleteObject*",
              ],
              "Effect": "Allow",
              "Principal": {
                "AWS": {
                  "Fn::GetAtt": [
                    "CustomS3AutoDeleteObjectsCustomResourceProviderRole3B1BD092",
                    "Arn",
                  ],
                },
              },
              "Resource": [
                {
                  "Fn::GetAtt": [
                    "FrontendAssetBucket3FA96E62",
                    "Arn",
                  ],
                },
                {
                  "Fn::Join": [
                    "",
                    [
                      {
                        "Fn::GetAtt": [
                          "FrontendAssetBucket3FA96E62",
                          "Arn",
                        ],
                      },
                      "/*",
                    ],
                  ],
                },
              ],
            },
            {
              "Action": "s3:GetObject",
              "Effect": "Allow",
              "Principal": {
                "CanonicalUser": {
                  "Fn::GetAtt": [
                    "FrontendOriginAccessIdentity15749265",
                    "S3CanonicalUserId",
                  ],
                },
              },
              "Resource": {
                "Fn::Join": [
                  "",
                  [
                    {
                      "Fn::GetAtt": [
                        "FrontendAssetBucket3FA96E62",
                        "Arn",
                      ],
                    },
                    "/*",
                  ],
                ],
              },
            },
          ],
          "Version": "2012-10-17",
        },
      },
      "Type": "AWS::S3::BucketPolicy",
    },
    "FrontendDistributionCFDistributionAE9BA647": {
      "Properties": {
        "DistributionConfig": {
          "CustomErrorResponses": [
            {
              "ErrorCachingMinTTL": 0,
              "ErrorCode": 404,
              "ResponseCode": 200,
              "ResponsePagePath": "/",
            },
            {
              "ErrorCachingMinTTL": 0,
              "ErrorCode": 403,
              "ResponseCode": 200,
              "ResponsePagePath": "/",
            },
          ],
          "DefaultCacheBehavior": {
            "AllowedMethods": [
              "GET",
              "HEAD",
            ],
            "CachedMethods": [
              "GET",
              "HEAD",
            ],
            "Compress": true,
            "ForwardedValues": {
              "Cookies": {
                "Forward": "none",
              },
              "QueryString": false,
            },
            "TargetOriginId": "origin1",
            "ViewerProtocolPolicy": "redirect-to-https",
          },
          "DefaultRootObject": "index.html",
          "Enabled": true,
          "HttpVersion": "http2",
          "IPV6Enabled": true,
          "Logging": {
            "Bucket": {
              "Fn::GetAtt": [
                "AccessLogBucketDA470295",
                "RegionalDomainName",
              ],
            },
            "IncludeCookies": false,
            "Prefix": "Frontend/",
          },
          "Origins": [
            {
              "ConnectionAttempts": 3,
              "ConnectionTimeout": 10,
              "DomainName": {
                "Fn::GetAtt": [
                  "FrontendAssetBucket3FA96E62",
                  "RegionalDomainName",
                ],
              },
              "Id": "origin1",
              "S3OriginConfig": {
                "OriginAccessIdentity": {
                  "Fn::Join": [
                    "",
                    [
                      "origin-access-identity/cloudfront/",
                      {
                        "Ref": "FrontendOriginAccessIdentity15749265",
                      },
                    ],
                  ],
                },
              },
            },
          ],
          "PriceClass": "PriceClass_100",
          "ViewerCertificate": {
            "CloudFrontDefaultCertificate": true,
          },
        },
      },
      "Type": "AWS::CloudFront::Distribution",
    },
    "FrontendOriginAccessIdentity15749265": {
      "Properties": {
        "CloudFrontOriginAccessIdentityConfig": {
          "Comment": "Allows CloudFront to reach the bucket",
        },
      },
      "Type": "AWS::CloudFront::CloudFrontOriginAccessIdentity",
    },
    "FrontendReactBuildDeployAwsCliLayer6AE670F6": {
      "DependsOn": [
        "FrontendReactBuildE02FF220",
      ],
      "Properties": {
        "Content": {
          "S3Bucket": {
            "Fn::Sub": "cdk-hnb659fds-assets-\${AWS::AccountId}-\${AWS::Region}",
          },
          "S3Key": "e2277687077a2abf9ae1af1cc9565e6715e2ebb62f79ec53aa75a1af9298f642.zip",
        },
        "Description": "/opt/awscli/aws",
      },
      "Type": "AWS::Lambda::LayerVersion",
    },
    "FrontendReactBuildDeployCustomResourceA2CE2F1C": {
      "DeletionPolicy": "Delete",
      "DependsOn": [
        "FrontendReactBuildE02FF220",
      ],
      "Properties": {
        "DestinationBucketName": {
          "Ref": "FrontendAssetBucket3FA96E62",
        },
        "DistributionId": {
          "Ref": "FrontendDistributionCFDistributionAE9BA647",
        },
        "Prune": true,
        "ServiceToken": {
          "Fn::GetAtt": [
            "CustomCDKBucketDeployment8693BB64968944B69AAFB0CC9EB8756C81C01536",
            "Arn",
          ],
        },
        "SourceBucketNames": [
          {
            "Fn::Sub": "cdk-hnb659fds-assets-\${AWS::AccountId}-\${AWS::Region}",
          },
        ],
        "SourceObjectKeys": [
          "bf2d79c15bf1041d1a6863ef0c3e519b.zip",
        ],
      },
      "Type": "Custom::CDKBucketDeployment",
      "UpdateReplacePolicy": "Delete",
    },
    "FrontendReactBuildE02FF220": {
      "DeletionPolicy": "Delete",
      "Properties": {
        "ServiceToken": {
          "Fn::GetAtt": [
            "NodejsBuildCustomResourceHandler25648b212c404f09aa65b6bbb0c446591C4101F8",
            "Arn",
          ],
        },
        "buildCommands": [
          "npm run build",
        ],
        "codeBuildProjectName": {
          "Ref": "FrontendReactBuildProject48A6230E",
        },
        "destinationBucketName": {
          "Fn::Sub": "cdk-hnb659fds-assets-\${AWS::AccountId}-\${AWS::Region}",
        },
        "destinationObjectKey": "bf2d79c15bf1041d1a6863ef0c3e519b.zip",
        "environment": {
          "VITE_APP_API_ENDPOINT": {
            "Fn::GetAtt": [
              "BackendApiED3D8698",
              "ApiEndpoint",
            ],
          },
          "VITE_AWS_REGION": {
            "Ref": "AWS::Region",
          },
          "VITE_USER_POOL_CLIENT_ID": {
            "Ref": "AuthUserPoolClientC635291F",
          },
          "VITE_USER_POOL_ID": {
            "Ref": "AuthUserPool8115E87F",
          },
        },
        "outputSourceDirectory": "frontend/dist",
        "sources": [
          {
            "commands": [
              "npm ci",
            ],
            "extractPath": "frontend",
            "sourceBucketName": {
              "Fn::Sub": "cdk-hnb659fds-assets-\${AWS::AccountId}-\${AWS::Region}",
            },
            "sourceObjectKey": "2158de8a7a2c265a62421a33eb0f9d173027692c19a96c123c8a45a62e2ccf4c.zip",
          },
        ],
        "workingDirectory": "frontend",
      },
      "Type": "Custom::CDKNodejsBuild",
      "UpdateReplacePolicy": "Delete",
    },
    "FrontendReactBuildProject48A6230E": {
      "Properties": {
        "Artifacts": {
          "Type": "NO_ARTIFACTS",
        },
        "Cache": {
          "Type": "NO_CACHE",
        },
        "EncryptionKey": "alias/aws/s3",
        "Environment": {
          "ComputeType": "BUILD_GENERAL1_SMALL",
          "Image": "aws/codebuild/standard:7.0",
          "ImagePullCredentialsType": "CODEBUILD",
          "PrivilegedMode": false,
          "Type": "LINUX_CONTAINER",
        },
        "ServiceRole": {
          "Fn::GetAtt": [
            "FrontendReactBuildProjectRole67F82260",
            "Arn",
          ],
        },
        "Source": {
          "BuildSpec": "{
  "version": "0.2",
  "phases": {
    "install": {
      "runtime-versions": {
        "nodejs": 18
      }
    },
    "build": {
      "commands": [
        "current_dir=$(pwd)",
        "\\necho \\"$input\\"\\nfor obj in $(echo \\"$input\\" | jq -r '.[] | @base64'); do\\n  decoded=$(echo \\"$obj\\" | base64 --decode)\\n  assetUrl=$(echo \\"$decoded\\" | jq -r '.assetUrl')\\n  extractPath=$(echo \\"$decoded\\" | jq -r '.extractPath')\\n  commands=$(echo \\"$decoded\\" | jq -r '.commands')\\n\\n  # Download the zip file\\n  aws s3 cp \\"$assetUrl\\" temp.zip\\n\\n  # Extract the zip file to the extractPath directory\\n  mkdir -p \\"$extractPath\\"\\n  unzip temp.zip -d \\"$extractPath\\"\\n\\n  # Remove the zip file\\n  rm temp.zip\\n\\n  # Run the specified commands in the extractPath directory\\n  cd \\"$extractPath\\"\\n  ls -la\\n  eval \\"$commands\\"\\n  cd \\"$current_dir\\"\\n  ls -la\\ndone\\n              ",
        "ls -la",
        "cd \\"$workingDirectory\\"",
        "eval \\"$buildCommands\\"",
        "ls -la",
        "cd \\"$current_dir\\"",
        "cd \\"$outputSourceDirectory\\"",
        "zip -r output.zip ./",
        "aws s3 cp output.zip \\"s3://$destinationBucketName/$destinationObjectKey\\""
      ]
    },
    "post_build": {
      "commands": [
        "echo Build completed on \`date\`",
        "\\nSTATUS='SUCCESS'\\nif [ $CODEBUILD_BUILD_SUCCEEDING -ne 1 ] # Test if the build is failing\\nthen\\nSTATUS='FAILED'\\nREASON=\\"NodejsBuild failed. See CloudWatch Log stream for the detailed reason: \\nhttps://$AWS_REGION.console.aws.amazon.com/cloudwatch/home?region=$AWS_REGION#logsV2:log-groups/log-group/\\\\$252Faws\\\\$252Fcodebuild\\\\$252F$projectName/log-events/$CODEBUILD_LOG_PATH\\"\\nfi\\ncat <<EOF > payload.json\\n{\\n  \\"StackId\\": \\"$stackId\\",\\n  \\"RequestId\\": \\"$requestId\\",\\n  \\"LogicalResourceId\\":\\"$logicalResourceId\\",\\n  \\"PhysicalResourceId\\": \\"$destinationObjectKey\\",\\n  \\"Status\\": \\"$STATUS\\",\\n  \\"Reason\\": \\"$REASON\\"\\n}\\nEOF\\ncurl -vv -i -X PUT -H 'Content-Type:' -d \\"@payload.json\\" \\"$responseURL\\"\\n              "
      ]
    }
  }
}",
          "Type": "NO_SOURCE",
        },
      },
      "Type": "AWS::CodeBuild::Project",
    },
    "FrontendReactBuildProjectRole67F82260": {
      "Properties": {
        "AssumeRolePolicyDocument": {
          "Statement": [
            {
              "Action": "sts:AssumeRole",
              "Effect": "Allow",
              "Principal": {
                "Service": "codebuild.amazonaws.com",
              },
            },
          ],
          "Version": "2012-10-17",
        },
      },
      "Type": "AWS::IAM::Role",
    },
    "FrontendReactBuildProjectRoleDefaultPolicyDFEE9CCE": {
      "Properties": {
        "PolicyDocument": {
          "Statement": [
            {
              "Action": [
                "logs:CreateLogGroup",
                "logs:CreateLogStream",
                "logs:PutLogEvents",
              ],
              "Effect": "Allow",
              "Resource": [
                {
                  "Fn::Join": [
                    "",
                    [
                      "arn:",
                      {
                        "Ref": "AWS::Partition",
                      },
                      ":logs:",
                      {
                        "Ref": "AWS::Region",
                      },
                      ":",
                      {
                        "Ref": "AWS::AccountId",
                      },
                      ":log-group:/aws/codebuild/",
                      {
                        "Ref": "FrontendReactBuildProject48A6230E",
                      },
                    ],
                  ],
                },
                {
                  "Fn::Join": [
                    "",
                    [
                      "arn:",
                      {
                        "Ref": "AWS::Partition",
                      },
                      ":logs:",
                      {
                        "Ref": "AWS::Region",
                      },
                      ":",
                      {
                        "Ref": "AWS::AccountId",
                      },
                      ":log-group:/aws/codebuild/",
                      {
                        "Ref": "FrontendReactBuildProject48A6230E",
                      },
                      ":*",
                    ],
                  ],
                },
              ],
            },
            {
              "Action": [
                "codebuild:CreateReportGroup",
                "codebuild:CreateReport",
                "codebuild:UpdateReport",
                "codebuild:BatchPutTestCases",
                "codebuild:BatchPutCodeCoverages",
              ],
              "Effect": "Allow",
              "Resource": {
                "Fn::Join": [
                  "",
                  [
                    "arn:",
                    {
                      "Ref": "AWS::Partition",
                    },
                    ":codebuild:",
                    {
                      "Ref": "AWS::Region",
                    },
                    ":",
                    {
                      "Ref": "AWS::AccountId",
                    },
                    ":report-group/",
                    {
                      "Ref": "FrontendReactBuildProject48A6230E",
                    },
                    "-*",
                  ],
                ],
              },
            },
            {
              "Action": [
                "s3:GetObject*",
                "s3:GetBucket*",
                "s3:List*",
              ],
              "Effect": "Allow",
              "Resource": [
                {
                  "Fn::Join": [
                    "",
                    [
                      "arn:",
                      {
                        "Ref": "AWS::Partition",
                      },
                      ":s3:::",
                      {
                        "Fn::Sub": "cdk-hnb659fds-assets-\${AWS::AccountId}-\${AWS::Region}",
                      },
                    ],
                  ],
                },
                {
                  "Fn::Join": [
                    "",
                    [
                      "arn:",
                      {
                        "Ref": "AWS::Partition",
                      },
                      ":s3:::",
                      {
                        "Fn::Sub": "cdk-hnb659fds-assets-\${AWS::AccountId}-\${AWS::Region}",
                      },
                      "/*",
                    ],
                  ],
                },
              ],
            },
            {
              "Action": [
                "s3:DeleteObject*",
                "s3:PutObject",
                "s3:PutObjectLegalHold",
                "s3:PutObjectRetention",
                "s3:PutObjectTagging",
                "s3:PutObjectVersionTagging",
                "s3:Abort*",
              ],
              "Effect": "Allow",
              "Resource": [
                {
                  "Fn::Join": [
                    "",
                    [
                      "arn:",
                      {
                        "Ref": "AWS::Partition",
                      },
                      ":s3:::",
                      {
                        "Fn::Sub": "cdk-hnb659fds-assets-\${AWS::AccountId}-\${AWS::Region}",
                      },
                    ],
                  ],
                },
                {
                  "Fn::Join": [
                    "",
                    [
                      "arn:",
                      {
                        "Ref": "AWS::Partition",
                      },
                      ":s3:::",
                      {
                        "Fn::Sub": "cdk-hnb659fds-assets-\${AWS::AccountId}-\${AWS::Region}",
                      },
                      "/*",
                    ],
                  ],
                },
              ],
            },
          ],
          "Version": "2012-10-17",
        },
        "PolicyName": "FrontendReactBuildProjectRoleDefaultPolicyDFEE9CCE",
        "Roles": [
          {
            "Ref": "FrontendReactBuildProjectRole67F82260",
          },
        ],
      },
      "Type": "AWS::IAM::Policy",
    },
    "NodejsBuildCustomResourceHandler25648b212c404f09aa65b6bbb0c446591C4101F8": {
      "DependsOn": [
        "NodejsBuildCustomResourceHandler25648b212c404f09aa65b6bbb0c44659ServiceRoleDefaultPolicyCF8879D3",
        "NodejsBuildCustomResourceHandler25648b212c404f09aa65b6bbb0c44659ServiceRoleCB01FBE6",
      ],
      "Properties": {
        "Code": {
          "S3Bucket": {
            "Fn::Sub": "cdk-hnb659fds-assets-\${AWS::AccountId}-\${AWS::Region}",
          },
          "S3Key": "a89beece57b97d45d5016b9e88de3696daaf6ae49a79344dcb1386fe581a125b.zip",
        },
        "Handler": "index.handler",
        "Role": {
          "Fn::GetAtt": [
            "NodejsBuildCustomResourceHandler25648b212c404f09aa65b6bbb0c44659ServiceRoleCB01FBE6",
            "Arn",
          ],
        },
        "Runtime": "nodejs18.x",
        "Timeout": 300,
      },
      "Type": "AWS::Lambda::Function",
    },
    "NodejsBuildCustomResourceHandler25648b212c404f09aa65b6bbb0c44659ServiceRoleCB01FBE6": {
      "Properties": {
        "AssumeRolePolicyDocument": {
          "Statement": [
            {
              "Action": "sts:AssumeRole",
              "Effect": "Allow",
              "Principal": {
                "Service": "lambda.amazonaws.com",
              },
            },
          ],
          "Version": "2012-10-17",
        },
        "ManagedPolicyArns": [
          {
            "Fn::Join": [
              "",
              [
                "arn:",
                {
                  "Ref": "AWS::Partition",
                },
                ":iam::aws:policy/service-role/AWSLambdaBasicExecutionRole",
              ],
            ],
          },
        ],
      },
      "Type": "AWS::IAM::Role",
    },
    "NodejsBuildCustomResourceHandler25648b212c404f09aa65b6bbb0c44659ServiceRoleDefaultPolicyCF8879D3": {
      "Properties": {
        "PolicyDocument": {
          "Statement": [
            {
              "Action": "codebuild:StartBuild",
              "Effect": "Allow",
              "Resource": {
                "Fn::GetAtt": [
                  "FrontendReactBuildProject48A6230E",
                  "Arn",
                ],
              },
            },
          ],
          "Version": "2012-10-17",
        },
        "PolicyName": "NodejsBuildCustomResourceHandler25648b212c404f09aa65b6bbb0c44659ServiceRoleDefaultPolicyCF8879D3",
        "Roles": [
          {
            "Ref": "NodejsBuildCustomResourceHandler25648b212c404f09aa65b6bbb0c44659ServiceRoleCB01FBE6",
          },
        ],
      },
      "Type": "AWS::IAM::Policy",
    },
  },
  "Rules": {
    "CheckBootstrapVersion": {
      "Assertions": [
        {
          "Assert": {
            "Fn::Not": [
              {
                "Fn::Contains": [
                  [
                    "1",
                    "2",
                    "3",
                    "4",
                    "5",
                  ],
                  {
                    "Ref": "BootstrapVersion",
                  },
                ],
              },
            ],
          },
          "AssertDescription": "CDK bootstrap stack version 6 required. Please run 'cdk bootstrap' with a recent version of the CDK CLI.",
        },
      ],
    },
  },
}
`;
